// Jest Snapshot v1, https://goo.gl/fbAQLP

exports[`Dialog スナップショットテスト 1`] = `
<DocumentFragment>
  .c0 {
  width: min(300px,100%);
  max-height: calc(100vh - 32px);
  padding: 16px;
  overflow: auto;
  background-color: #fff;
  -webkit-overflow-scrolling: touch;
}

@supports (-webkit-touch-callout:none) {
  .c0 {
    max-height: calc(100dvh - 32px);
  }
}

<div
    class="c0"
    data-scroll-lock-scrollable="true"
  >
    <button
      data-modal-deactivate="true"
      type="button"
    >
      閉じる
    </button>
    children
  </div>
</DocumentFragment>
`;
