// Jest Snapshot v1, https://goo.gl/fbAQLP

exports[`Icon スナップショットテスト 1`] = `
<DocumentFragment>
  .emotion-0 {
  display: inline-block;
  -webkit-flex-shrink: 0;
  -ms-flex-negative: 0;
  flex-shrink: 0;
  width: 1em;
  height: 1em;
  font-size: 24px;
  color: inherit;
  -webkit-user-select: none;
  -moz-user-select: none;
  -ms-user-select: none;
  user-select: none;
  fill: currentColor;
}

<svg
    aria-hidden="true"
    class="emotion-0 emotion-1"
    focusable="false"
  />
</DocumentFragment>
`;
